[gpu] AMD Instinct MI355X VF, torch 2.14.0+rocm7.14, hip 7.14.60850
[model] 201M params
[resume] no checkpoint for run-id=sweep-01, starting fresh
[train] step 50/3000 loss 1.1003 3.05 steps/s
[train] step 100/3000 loss 1.0401 3.31 steps/s
[train] step 150/3000 loss 1.0148 3.41 steps/s
[train] step 200/3000 loss 1.0386 3.46 steps/s
[train] step 250/3000 loss 1.0065 3.49 steps/s
[train] step 300/3000 loss 1.0068 3.51 steps/s
[train] step 350/3000 loss 1.0090 3.53 steps/s
[train] step 400/3000 loss 1.0028 3.54 steps/s
[train] step 450/3000 loss 1.0029 3.55 steps/s
[train] step 500/3000 loss 1.0072 3.56 steps/s
[train] step 550/3000 loss 1.0019 3.56 steps/s
[train] step 600/3000 loss 1.0026 3.57 steps/s
[checkpoint] step 600 -> s3://spot-ckpt-anish-0909/checkpoints/sweep-01/step-000000600.pt (2,417 MB in 10.2s)
[train] step 650/3000 loss 1.0015 3.38 steps/s
[train] step 700/3000 loss 1.0048 3.40 steps/s
[train] step 750/3000 loss 1.0016 3.41 steps/s
[train] step 800/3000 loss 1.0020 3.42 steps/s
[train] step 850/3000 loss 1.0019 3.43 steps/s
[train] step 900/3000 loss 1.0015 3.44 steps/s
[train] step 950/3000 loss 1.0022 3.45 steps/s
[train] step 1000/3000 loss 1.0014 3.46 steps/s
[train] step 1050/3000 loss 1.0011 3.47 steps/s
[train] step 1100/3000 loss 1.0014 3.47 steps/s
[train] step 1150/3000 loss 1.0010 3.48 steps/s
[train] step 1200/3000 loss 1.0026 3.49 steps/s
[checkpoint] step 1200 -> s3://spot-ckpt-anish-0909/checkpoints/sweep-01/step-000001200.pt (2,417 MB in 10.4s)
[train] step 1250/3000 loss 1.0009 3.39 steps/s
[train] step 1300/3000 loss 1.0011 3.40 steps/s
[train] step 1350/3000 loss 1.0007 3.41 steps/s
[train] step 1400/3000 loss 1.0012 3.41 steps/s
[train] step 1450/3000 loss 1.0009 3.42 steps/s
[train] step 1500/3000 loss 1.0012 3.43 steps/s
[train] step 1550/3000 loss 1.0049 3.43 steps/s
[train] step 1600/3000 loss 1.0012 3.44 steps/s
[train] step 1650/3000 loss 1.0009 3.44 steps/s
[train] step 1700/3000 loss 1.0012 3.45 steps/s
[train] step 1750/3000 loss 1.0008 3.45 steps/s
[train] step 1800/3000 loss 1.0023 3.46 steps/s
[checkpoint] step 1800 -> s3://spot-ckpt-anish-0909/checkpoints/sweep-01/step-000001800.pt (2,417 MB in 12.4s)
[train] step 1850/3000 loss 1.0010 3.38 steps/s
[signal] SIGTERM received, will checkpoint and exit
[checkpoint] step 1892 -> s3://spot-ckpt-anish-0909/checkpoints/sweep-01/step-000001892.pt (2,417 MB in 9.3s)
[prune] deleted checkpoints/sweep-01/step-000000600.pt
[summary] ran steps 0->1892 in 568s wall, 42s of that in checkpoints (7.4% tax), 3.60 steps/s while training
[exit] checkpointed and exiting cleanly; rerun the same command to resume
