cloud-init finished 2026-09-09T06:23:31Z
[gpu] AMD Instinct MI355X VF, torch 2.14.0+rocm7.14, hip 7.14.60850
[model] 201M params
[resume] restored checkpoints/sweep-01/step-000001892.pt in 13.2s, continuing from step 1892
[train] step 1900/3000 loss 1.0009 1.30 steps/s
[train] step 1950/3000 loss 1.0010 2.92 steps/s
[train] step 2000/3000 loss 1.0006 3.21 steps/s
[train] step 2050/3000 loss 1.0011 3.33 steps/s
[train] step 2100/3000 loss 1.0008 3.40 steps/s
[train] step 2150/3000 loss 1.0087 3.44 steps/s
[train] step 2200/3000 loss 1.0011 3.47 steps/s
[train] step 2250/3000 loss 1.0007 3.49 steps/s
[train] step 2300/3000 loss 1.0010 3.51 steps/s
[train] step 2350/3000 loss 1.0005 3.52 steps/s
[train] step 2400/3000 loss 1.0012 3.53 steps/s
[checkpoint] step 2400 -> s3://spot-ckpt-anish-0909/checkpoints/sweep-01/step-000002400.pt (2,417 MB in 10.1s)
[prune] deleted checkpoints/sweep-01/step-000001200.pt
[train] step 2450/3000 loss 1.0010 3.32 steps/s
[train] step 2500/3000 loss 1.0005 3.35 steps/s
[train] step 2550/3000 loss 1.0010 3.37 steps/s
[train] step 2600/3000 loss 1.0006 3.38 steps/s
[train] step 2650/3000 loss 1.0008 3.40 steps/s
[train] step 2700/3000 loss 1.0010 3.41 steps/s
[train] step 2750/3000 loss 1.0006 3.43 steps/s
[train] step 2800/3000 loss 1.0015 3.44 steps/s
[train] step 2850/3000 loss 1.0006 3.45 steps/s
[train] step 2900/3000 loss 1.0008 3.45 steps/s
[train] step 2950/3000 loss 1.0033 3.46 steps/s
[train] step 3000/3000 loss 1.0008 3.47 steps/s
[checkpoint] step 3000 -> s3://spot-ckpt-anish-0909/checkpoints/sweep-01/step-000003000.pt (2,417 MB in 10.3s)
[prune] deleted checkpoints/sweep-01/step-000001800.pt
[summary] ran steps 1892->3000 in 330s wall, 20s of that in checkpoints (6.2% tax), 3.58 steps/s while training
[done] 3000 steps complete
